// Jest Snapshot v1, https://goo.gl/fbAQLP

exports[`render should match snapshot 1`] = `<unwrapped />`;
